PS C:\Users\Rakshitha\OneDrive\Documents\PSC\C_activity_sets\set02> gcc -g -O0 problem03.c -o problem03.exe
PS C:\Users\Rakshitha\OneDrive\Documents\PSC\C_activity_sets\set02> gdb .\problem03.exe
GNU gdb (GDB) 7.6.1                                                                                                                                 
Copyright (C) 2013 Free Software Foundation, Inc.
License GPLv3+: GNU GPL version 3 or later <http://gnu.org/licenses/gpl.html>
This is free software: you are free to change and redistribute it.
There is NO WARRANTY, to the extent permitted by law.  Type "show copying"
and "show warranty" for details.
This GDB was configured as "mingw32".
For bug reporting instructions, please see:
<http://www.gnu.org/software/gdb/bugs/>...
Reading symbols from C:\Users\Rakshitha\OneDrive\Documents\PSC\C_activity_sets\set02\problem03.exe...done.
(gdb) r
Starting program: C:\Users\Rakshitha\OneDrive\Documents\PSC\C_activity_sets\set02/.\problem03.exe 
[New Thread 3584.0x60e4]
[New Thread 3584.0x4194]
Enter a number: 3
3 is not a composite number.
[Inferior 1 (process 3584) exited normally]
(gdb) 6
Undefined command: "6".  Try "help".
(gdb) 7
Undefined command: "7".  Try "help".
(gdb) 8
Undefined command: "8".  Try "help".
(gdb) r
Starting program: C:\Users\Rakshitha\OneDrive\Documents\PSC\C_activity_sets\set02/.\problem03.exe 
[New Thread 22632.0x4060]
[New Thread 22632.0x1fa8]
Enter a number: 8
8 is a composite number.